Building application...
Starting application on port 22916...

  .   ____          _            __ _ _
 /\\ / ___'_ __ _ _(_)_ __  __ _ \ \ \ \
( ( )\___ | '_ | '_| | '_ \/ _` | \ \ \ \
 \\/  ___)| |_)| | | | | || (_| |  ) ) ) )
  '  |____| .__|_| |_|_| |_\__, | / / / /
 =========|_|==============|___/=/_/_/_/
 :: Spring Boot ::                (v3.2.5)

2026-08-26T10:38:01.084Z  INFO 44920 --- [app] [           main] com.example.app.AppApplication           : Starting AppApplication v0.1.0 using Java 21.0.12.1 with PID 44920 (/home/himanshu.jangra/backendX/backend/outputs/bb1659d7-3006-4c24-b90e-a1697eaa2151/target/app.jar started by himanshu.jangra in /home/himanshu.jangra/backendX/backend/outputs/bb1659d7-3006-4c24-b90e-a1697eaa2151)
2026-08-26T10:38:01.090Z  INFO 44920 --- [app] [           main] com.example.app.AppApplication           : No active profile set, falling back to 1 default profile: "default"
2026-08-26T10:38:04.097Z  INFO 44920 --- [app] [           main] .s.d.r.c.RepositoryConfigurationDelegate : Bootstrapping Spring Data MongoDB repositories in DEFAULT mode.
2026-08-26T10:38:04.196Z  INFO 44920 --- [app] [           main] .s.d.r.c.RepositoryConfigurationDelegate : Finished Spring Data repository scanning in 90 ms. Found 2 MongoDB repository interfaces.
2026-08-26T10:38:05.184Z  INFO 44920 --- [app] [           main] o.s.b.w.embedded.tomcat.TomcatWebServer  : Tomcat initialized with port 22916 (http)
2026-08-26T10:38:05.208Z  INFO 44920 --- [app] [           main] o.apache.catalina.core.StandardService   : Starting service [Tomcat]
2026-08-26T10:38:05.209Z  INFO 44920 --- [app] [           main] o.apache.catalina.core.StandardEngine    : Starting Servlet engine: [Apache Tomcat/10.1.20]
2026-08-26T10:38:05.272Z  INFO 44920 --- [app] [           main] o.a.c.c.C.[Tomcat].[localhost].[/]       : Initializing Spring embedded WebApplicationContext
2026-08-26T10:38:05.274Z  INFO 44920 --- [app] [           main] w.s.c.ServletWebServerApplicationContext : Root WebApplicationContext: initialization completed in 4001 ms
2026-08-26T10:38:05.991Z  INFO 44920 --- [app] [           main] org.mongodb.driver.client                : MongoClient with metadata {"driver": {"name": "mongo-java-driver|sync|spring-boot", "version": "4.11.2"}, "os": {"type": "Linux", "name": "Linux", "architecture": "amd64", "version": "6.12.105+deb13-cloud-amd64"}, "platform": "Java/Debian/21.0.12.1+1-1-deb13u1-Debian"} created with settings MongoClientSettings{readPreference=primary, writeConcern=WriteConcern{w=null, wTimeout=null ms, journal=null}, retryWrites=true, retryReads=true, readConcern=ReadConcern{level=null}, credential=null, transportSettings=null, streamFactoryFactory=null, commandListeners=[io.micrometer.core.instrument.binder.mongodb.MongoMetricsCommandListener@7be94cd6], codecRegistry=ProvidersCodecRegistry{codecProviders=[ValueCodecProvider{}, BsonValueCodecProvider{}, DBRefCodecProvider{}, DBObjectCodecProvider{}, DocumentCodecProvider{}, CollectionCodecProvider{}, IterableCodecProvider{}, MapCodecProvider{}, GeoJsonCodecProvider{}, GridFSFileCodecProvider{}, Jsr310CodecProvider{}, JsonObjectCodecProvider{}, BsonCodecProvider{}, EnumCodecProvider{}, com.mongodb.client.model.mql.ExpressionCodecProvider@20cff21e, com.mongodb.Jep395RecordCodecProvider@463045fb, com.mongodb.KotlinCodecProvider@27ab206]}, loggerSettings=LoggerSettings{maxDocumentLength=1000}, clusterSettings={hosts=[localhost:27017], srvServiceName=mongodb, mode=SINGLE, requiredClusterType=UNKNOWN, requiredReplicaSetName='null', serverSelector='null', clusterListeners='[]', serverSelectionTimeout='30000 ms', localThreshold='15 ms'}, socketSettings=SocketSettings{connectTimeoutMS=10000, readTimeoutMS=0, receiveBufferSize=0, proxySettings=ProxySettings{host=null, port=null, username=null, password=null}}, heartbeatSocketSettings=SocketSettings{connectTimeoutMS=10000, readTimeoutMS=10000, receiveBufferSize=0, proxySettings=ProxySettings{host=null, port=null, username=null, password=null}}, connectionPoolSettings=ConnectionPoolSettings{maxSize=100, minSize=0, maxWaitTimeMS=120000, maxConnectionLifeTimeMS=0, maxConnectionIdleTimeMS=0, maintenanceInitialDelayMS=0, maintenanceFrequencyMS=60000, connectionPoolListeners=[io.micrometer.core.instrument.binder.mongodb.MongoMetricsConnectionPoolListener@3344d163], maxConnecting=2}, serverSettings=ServerSettings{heartbeatFrequencyMS=10000, minHeartbeatFrequencyMS=500, serverListeners='[]', serverMonitorListeners='[]'}, sslSettings=SslSettings{enabled=false, invalidHostNameAllowed=false, context=null}, applicationName='null', compressorList=[], uuidRepresentation=JAVA_LEGACY, serverApi=null, autoEncryptionSettings=null, dnsClient=null, inetAddressResolver=null, contextProvider=null}
2026-08-26T10:38:06.039Z  INFO 44920 --- [app] [localhost:27017] org.mongodb.driver.cluster               : Monitor thread successfully connected to server with description ServerDescription{address=localhost:27017, type=STANDALONE, state=CONNECTED, ok=true, minWireVersion=0, maxWireVersion=28, maxDocumentSize=16777216, logicalSessionTimeoutMinutes=30, roundTripTimeNanos=46979411}
2026-08-26T10:38:08.158Z  INFO 44920 --- [app] [           main] o.s.b.a.e.web.EndpointLinksResolver      : Exposing 2 endpoint(s) beneath base path '/actuator'
2026-08-26T10:38:08.296Z  INFO 44920 --- [app] [           main] o.s.s.web.DefaultSecurityFilterChain     : Will secure any request with [org.springframework.security.web.session.DisableEncodeUrlFilter@2ecdcfe3, org.springframework.security.web.context.request.async.WebAsyncManagerIntegrationFilter@65b73689, org.springframework.security.web.context.SecurityContextHolderFilter@1f4d38f9, org.springframework.security.web.header.HeaderWriterFilter@670a4738, org.springframework.web.filter.CorsFilter@2047adea, org.springframework.security.web.authentication.logout.LogoutFilter@44e08a7a, com.example.app.security.JwtFilter@8383a14, org.springframework.security.web.savedrequest.RequestCacheAwareFilter@64eeddd8, org.springframework.security.web.servletapi.SecurityContextHolderAwareRequestFilter@10f8e2d2, org.springframework.security.web.authentication.AnonymousAuthenticationFilter@5af40e45, org.springframework.security.web.session.SessionManagementFilter@4f8900b0, org.springframework.security.web.access.ExceptionTranslationFilter@141b011a, org.springframework.security.web.access.intercept.AuthorizationFilter@3e5ebdfe]
2026-08-26T10:38:08.910Z  WARN 44920 --- [app] [           main] ConfigServletWebServerApplicationContext : Exception encountered during context initialization - cancelling refresh attempt: org.springframework.context.ApplicationContextException: Failed to start bean 'webServerStartStop'
2026-08-26T10:38:08.977Z  INFO 44920 --- [app] [           main] .s.b.a.l.ConditionEvaluationReportLogger : 

Error starting ApplicationContext. To display the condition evaluation report re-run your application with 'debug' enabled.
2026-08-26T10:38:09.019Z ERROR 44920 --- [app] [           main] o.s.b.d.LoggingFailureAnalysisReporter   : 

***************************
APPLICATION FAILED TO START
***************************

Description:

Web server failed to start. Port 22916 was already in use.

Action:

Identify and stop the process that's listening on port 22916 or configure this application to listen on another port.

